 Accounting Models                     : -
 -                                     : applications-area
 ACS-WG                                : -
 -                                     : architecture-area
 Advanced Collaborative Environments   : -
 APME                                  : -
 APM-RG                                : -
 APPAGG-RG                             : -
 APPS-RG                               : -
 ARCH                                  : -
 Archive                               : -
 ari-wg                                : ari-wg
 ARRG-RG                               : -
 ASTRO-RG                              : -
 -                                     : astro-cg
 AUR-WG                                : -
 AUTHZ-WG                              : -
 Best Practices                        : byteio-wg
 BTC-CG                                : -
 CAOPS-WG                              : caops-wg
 CDDLM-Interop                         : -
 -                                     : cloud-plugfest-cg
 cddlm-wg                              : -
 CDDLM-WG                              : -
 cddlm-wg2                             : -
 -                                     : cp-june2012
 CGS-WG                                : -
 CMM-WG                                : -
 Communities                           : -
 Community Function                    : community
 COMPLETED                             : -
 compute                               : compute-area
 DAIS-WG                               : dais-wg
 DAMED-WG                              : -
 DAMO-RG                               : -
 DATA                                  : data-area
 -                                     : -
 DATA-RG                               : -
 -                                     : dormant
 dcifed-wg                             : dcifed-wg
 DFDL-WG                               : dfdl-wg
 -                                     : drmaav1
 -                                     : drmaav2-c-binding
 DRMAA-WG                              : drmaa-wg
 -                                     : drmaav2-occi-binding
 -                                     : drmaav2-root-spec
 dr-rg                                 : dr-rg
 Editor                                : -
 EDITOR                                : editor
 EGR-RG                                : -
 ESC                                   : -
 -                                     : events-og
 eScience                              : -
 ET-CG                                 : -
 fedsec-cg                             : fedsec-cg
 FINANCE                               : -
 FI-RG                                 : fi-rg
 fvga-wg                               : fvga-wg
 GB-RG                                 : -
 GCE-RG                                : -
 GCP-WG                                : -
 GESA-WG                               : -
 GFAC                                  : -
 GFAC-Info                             : -
 gf-ads                                : -
 gf-chairs                             : -
 gf-facade                             : -
 gf-info                               : -
 GFSG-Info                             : gfsg      
 GFSG - Private                        : gfsg      
 GFS-WG                                : gfs-wg    
 GGF-8                                 : -
 ggf-it                                : -
 GGF-PROC-WG                           : -
 GGF-Sales                             : -
 GHPN-RG                               : ghpn-rg   
 GIN-CG                                : gin-cg    
 GIN-MGI - OBSOLETE                    : gin-cg    
 GIR-WG                                : -
 GLUE                                  : glue-wg   
 GMAC                                  : -
 GPA-RG                                : -
 GRAAP-WG                              : graap-wg  
 GRIDCPR-WG                            : -
 GridForge Base Project                : -
 GRIDFTP-WG                            : gridftp-wg
 Grid High-Performance Networking      : -
 gridrel-rg                            : -
 GRIDRPC-WG                            : gridrpc-wg
 GridVirt-WG                           : -
 GROC                                  : -
 GSA-RG                                : gsa-rg    
 GSI-WG                                : -
 GSM-WG                                : gsm-wg    
 gsoc-2011                             : -
 GUS-RG                                : -
 HAAS-RG                               : -
 HELPDESK                              : -
 -                                     : hpc-bp-interop-project
 -                                     : hpcp-wg
 INFOD-WG                              : infod-wg
 -                                     : idel-wg
 infrastructure-require                : infrastructure-area
 INTEROP-BOF                           : -
 IPG                                   : -
 IPV6-WG                               : -
 isod-rg                               : isod-rg
 ISP                                   : -
 JSDL                                  : jsdl-wg
 JSDL-WG                               : jsdl-wg
 LCG-RUS                               : -
 loa-rg                                : loa-rg
 -                                     : liaison-cg
 -                                     : liaison-area   
 LSG-RG                                : -
 management                            : management-area
 Marketing                             : -
 MEMBERSHIP                            : -
 msc                                   : -
 Multi-Grid Interoperation             : -
 NEWCHAIR                              : -
 News Group                            : -
 NMA-RG                                : -
 nmc-wg                                : nmc-wg
 NML-WG                                : nml-wg
 NM-WG                                 : nm-wg
 NPI-WG                                : -
 nsi-wg                                : nsi-wg
 occi-wg                               : occi-wg
 OGF19PC                               : -
 -                                     : ogf-36
 OGF20                                 : -
 OGF Enterprise                        : -
 ogf-info                              : -
 OGF-OGC                               : -
 OGSA-AUTHZ-WG                         : ogsa-authz-wg  
 OGSA-BES Working Group                : ogsa-bes-wg    
 OGSA-ByteIO-WG                        : -
 OGSADATA-R-WG                         : -
 OGSA-Data Working Group               : -
 OGSA-DMI-WG                           : ogsa-dmi-wg     
 OGSA-D-WG                             : -
 OGSA-HPCP-WG                          : -
 OGSA-NAMING-WG                        : ogsa-naming-wg   
 OGSA-P2P                              : -
 OGSA-RSS-WG                           : ogsa-rss-wg
 OGSA-SEC-WG                           : -
 OGSA-WG                               : ogsa-wg
 OGSI-WG                               : -
 -                                     : operations
 Open Grid Services Architecture       : -
 OREP-WG                               : -
 OSS-WG                                : -
 P2P                                   : -
 PA-RG                                 : -
 PE-RG                                 : -
 PGI                                   : pgi-wg
 pgi-wg                                : pgi-wg
 PGM-RG                                : -
 PGS-RG                                : -
 PNPA-RG                               : -
 PNPA-RG1                              : -
 POLICY-RG                             : -
 Production Grid Services-RG           : -
 Projects                              : -
 QA Test                               : -
 REP-RG                                : -
 -                                     : redmine-og   
 RGIS-RG                               : -
 risge-rg                              : -
 rm-wg                                 : rm-wg
 RUS-WG                                : -
 SAAA-RG                               : -
 saga-core-wg                          : saga-wg
 SAGA-RG                               : saga-wg
 saga-wg                               : saga-wg
 SAGA-WG                               : saga-wg
 SA-WG                                 : -
 SCRM - Private                        : scrm-wg
 scrm_wg                               : -
 scrm-wg                               : -
 SCRM-WG                               : -
 SCRM Wiki                             : -
 SD-WG                                 : -
 Secretariat                           : -
 Security                              : security-area  
 SEM-RG                                : -
 Simple API for Grid Apps RG           : saga-wg
 Site                                  : -
 SMF-RG                                : -
 SN-CG                                 : -
 SRM                                   : -
 Standards Council                     : standards      
 Stats Group                           : -
 Strategic Planning                    : -
 TC-RG                                 : -
 TELCO-CG                              : -
 template                              : template-wg 
 Templates                             : template-wg 
 template-test                         : template-wg 
 template v.1.0                        : template-wg 
 template v.1.1                        : template-wg 
 templat v1.1                          : template-wg 
 TeraGrid                              : -
 TeraGrid-Mgmt                         : -
 TeraGrid Wheels                       : -
 test                                  : test-wg     
 test 1                                : test-wg     
 test2                                 : test-wg     
 test-am                               : test-wg     
 test-am02                             : test-wg     
 test-wg                               : test-wg     
 test wiki                             : test-wg     
 TM-RG                                 : -
 TSC                                   : -
 ucr                                   : -
 -                                     : urn-ogf     
 UCR                                   : -
 UPDT-RG                               : -
 UR-WG                                 : ur-wg
 -                                     : voms-proc-wg
 WFM-RG                                : -
 -                                     : www-og      
 workshops                             : -
 Workspaces                            : -
